src/components/IncidentAnalyzer.tsx(4,10): error TS2305: Module '"../hooks/useMonitoringData"' has no exported member 'Node'.
src/components/IncidentAnalyzer.tsx(4,16): error TS2305: Module '"../hooks/useMonitoringData"' has no exported member 'Incident'.
src/pages/Infrastructure.tsx(419,19): error TS2769: No overload matches this call.
  Overload 1 of 2, '(outsideProps: Props<{ name: string; value: number; }, any>): ReactElement<unknown, string | JSXElementConstructor<any>>', gave the following error.
    Type '{ children: Element[]; data: { name: string; value: number; }[]; cx: string; cy: string; innerRadius: number; outerRadius: number; paddingAngle: number; dataKey: "value"; isAnimationActive: true; ... 4 more ...; onMouseEnter: (_: PieSectorDataItem, index: number) => void; }' is not assignable to type 'IntrinsicAttributes & PieSvgAttributes & PieProps<{ name: string; value: number; }, any>'.
      Property 'activeIndex' does not exist on type 'IntrinsicAttributes & PieSvgAttributes & PieProps<{ name: string; value: number; }, any>'.
  Overload 2 of 2, '(outsideProps: Props<any, any>): ReactElement<unknown, string | JSXElementConstructor<any>>', gave the following error.
    Type '{ children: Element[]; data: { name: string; value: number; }[]; cx: string; cy: string; innerRadius: number; outerRadius: number; paddingAngle: number; dataKey: string; isAnimationActive: true; ... 4 more ...; onMouseEnter: (_: PieSectorDataItem, index: number) => void; }' is not assignable to type 'IntrinsicAttributes & PieSvgAttributes & PieProps<any, any>'.
      Property 'activeIndex' does not exist on type 'IntrinsicAttributes & PieSvgAttributes & PieProps<any, any>'.
